==================================================
   LRDE Tiger Compiler 1.91.c: ./test-suite.log
==================================================

# TOTAL: 18
# PASS:  18
# SKIP:  0
# XFAIL: 0
# FAIL:  0
# XPASS: 0
# ERROR: 0

.. contents:: :depth: 2

